../Src/main.c:106:5:main	16	static
../Src/main.c:130:6:delay_ms	24	static
../Src/main.c:143:13:LedBuzz_Init	16	static
../Src/main.c:176:13:InterruptPA4_Init	32	static
../Src/main.c:220:13:InterruptPB0_Init	32	static
../Src/main.c:265:13:InterruptPB3_Init	32	static
../Src/main.c:310:6:EXTI4_IRQHandler	8	static
../Src/main.c:330:6:EXTI3_IRQHandler	8	static
../Src/main.c:353:6:EXTI0_IRQHandler	8	static
../Src/main.c:378:13:LedControl_SetStatus	16	static
../Src/main.c:398:13:BuzzerControl_SetBeep	32	static
../Src/main.c:415:10:CalculatorTime	24	static
../Src/main.c:432:13:Toggled_5times	24	static
../Src/main.c:456:13:Blinkled_StatusPower	32	static
../Src/main.c:476:6:LedControl_TimPressRealease	16	static
